Microsoft Windows [Version 10.0.14393]
(c) 2016 Microsoft Corporation. All rights reserved.

C:\Users\skind>cd Desktop

C:\Users\skind\Desktop>cd sampleAPI

C:\Users\skind\Desktop\sampleAPI>slc arc
^CTerminate batch job (Y/N)?
^CThe system cannot open the device or file specified.

C:\Users\skind\Desktop\sampleAPI>npm install loopback-connector-mongodb --save
sampleAPI@1.0.0 C:\Users\skind\Desktop\sampleAPI
`-- loopback-connector-mongodb@3.0.1
  +-- async@1.5.2
  `-- mongodb@2.2.24
    +-- es6-promise@3.2.1
    +-- mongodb-core@2.1.8
    | +-- bson@1.0.4
    | `-- require_optional@1.0.0
    |   +-- resolve-from@2.0.0
    |   `-- semver@5.3.0
    `-- readable-stream@2.1.5


C:\Users\skind\Desktop\sampleAPI>slc arc
strong-remoting deprecated The built-in CORS middleware provided by REST adapter was deprecated. See https://docs.strongloop.com/display/public/LB/Security+considerations for more details. ..\..\AppData\Roaming\npm\node_modules\strongloop\node_modules\strong-remoting\lib\remote-objects.js:97:25
loopback-explorer deprecated The built-in CORS middleware provided by loopback-component-explorer was deprecated. See https://docs.strongloop.com/display/public/LB/Security+considerations for more details. ..\..\AppData\Roaming\npm\node_modules\strongloop\node_modules\strong-arc\build-deploy\server\boot\explorer.js:18:30
Swagger: skipping unknown type "subscription".
loopback-explorer deprecated The built-in CORS middleware provided by loopback-component-explorer was deprecated. See https://docs.strongloop.com/display/public/LB/Security+considerations for more details. ..\..\AppData\Roaming\npm\node_modules\strongloop\node_modules\strong-arc\arc-api\server\boot\explorer.js:14:30
Swagger: skipping unknown type "subscription".
loopback-explorer deprecated The built-in CORS middleware provided by loopback-component-explorer was deprecated. See https://docs.strongloop.com/display/public/LB/Security+considerations for more details. ..\..\AppData\Roaming\npm\node_modules\strongloop\node_modules\strong-arc\server\server.js:60:41
Loading workspace C:\Users\skind\Desktop\sampleAPI
C:\Users\skind\AppData\Roaming\npm\node_modules\strongloop\node_modules\strong-mesh-client\proxy\boot\manager-host.js:37
        return cb ? cb(err) : null;
                       ^

ReferenceError: err is not defined
    at C:\Users\skind\AppData\Roaming\npm\node_modules\strongloop\node_modules\strong-mesh-client\proxy\boot\manager-host.js:37:24
    at C:\Users\skind\AppData\Roaming\npm\node_modules\strongloop\node_modules\strong-mesh-client\proxy\boot\manager-host.js:53:21
    at Timeout._onTimeout (C:\Users\skind\AppData\Roaming\npm\node_modules\strongloop\node_modules\loopback-datasource-juggler\lib\datasource.js:2145:7)
    at ontimeout (timers.js:365:14)
    at tryOnTimeout (timers.js:237:5)
    at Timer.listOnTimeout (timers.js:207:5)

C:\Users\skind\Desktop\sampleAPI>slc arc
strong-remoting deprecated The built-in CORS middleware provided by REST adapter was deprecated. See https://docs.strongloop.com/display/public/LB/Security+considerations for more details. ..\..\AppData\Roaming\npm\node_modules\strongloop\node_modules\strong-remoting\lib\remote-objects.js:97:25
loopback-explorer deprecated The built-in CORS middleware provided by loopback-component-explorer was deprecated. See https://docs.strongloop.com/display/public/LB/Security+considerations for more details. ..\..\AppData\Roaming\npm\node_modules\strongloop\node_modules\strong-arc\build-deploy\server\boot\explorer.js:18:30
Swagger: skipping unknown type "subscription".
loopback-explorer deprecated The built-in CORS middleware provided by loopback-component-explorer was deprecated. See https://docs.strongloop.com/display/public/LB/Security+considerations for more details. ..\..\AppData\Roaming\npm\node_modules\strongloop\node_modules\strong-arc\arc-api\server\boot\explorer.js:14:30
Swagger: skipping unknown type "subscription".
loopback-explorer deprecated The built-in CORS middleware provided by loopback-component-explorer was deprecated. See https://docs.strongloop.com/display/public/LB/Security+considerations for more details. ..\..\AppData\Roaming\npm\node_modules\strongloop\node_modules\strong-arc\server\server.js:60:41
Loading workspace C:\Users\skind\Desktop\sampleAPI
StrongLoop Arc is running here: http://localhost:57092/#/
loopback deprecated loopback#context middleware is deprecated. See https://docs.strongloop.com/display/APIC/Using%20current%20context for more details. ..\..\AppData\Roaming\npm\node_modules\strongloop\node_modules\loopback\server\middleware\rest.js:60:32
^CTerminate batch job (Y/N)?
^CThe system cannot open the device or file specified.

C:\Users\skind\Desktop\sampleAPI>open package.json
'open' is not recognized as an internal or external command,
operable program or batch file.

C:\Users\skind\Desktop\sampleAPI>print package.json
Unable to initialize device PRN

C:\Users\skind\Desktop\sampleAPI>npm install

C:\Users\skind\Desktop\sampleAPI>rm -rf node_modules
'rm' is not recognized as an internal or external command,
operable program or batch file.

C:\Users\skind\Desktop\sampleAPI>npm install
sampleAPI@1.0.0 C:\Users\skind\Desktop\sampleAPI
+-- compression@1.6.2
| +-- accepts@1.3.3
| | +-- mime-types@2.1.14
| | `-- negotiator@0.6.1
| +-- bytes@2.3.0
| +-- compressible@2.0.9
| | `-- mime-db@1.26.0
| +-- debug@2.2.0
| | `-- ms@0.7.1
| +-- on-headers@1.0.1
| `-- vary@1.1.0
+-- cors@2.8.1
+-- eslint@2.13.1
| +-- chalk@1.1.3
| | +-- ansi-styles@2.2.1
| | +-- escape-string-regexp@1.0.5
| | +-- has-ansi@2.0.0
| | +-- strip-ansi@3.0.1
| | `-- supports-color@2.0.0
| +-- concat-stream@1.6.0
| | +-- inherits@2.0.3
| | +-- readable-stream@2.2.2
| | | +-- buffer-shims@1.0.0
| | | +-- process-nextick-args@1.0.7
| | | `-- string_decoder@0.10.31
| | `-- typedarray@0.0.6
| +-- doctrine@1.5.0
| | `-- isarray@1.0.0
| +-- es6-map@0.1.4
| | +-- d@0.1.1
| | +-- es5-ext@0.10.12
| | +-- es6-iterator@2.0.0
| | +-- es6-set@0.1.4
| | +-- es6-symbol@3.1.0
| | `-- event-emitter@0.3.4
| +-- escope@3.6.0
| | +-- es6-weak-map@2.0.1
| | `-- esrecurse@4.1.0
| |   `-- estraverse@4.1.1
| +-- espree@3.4.0
| | +-- acorn@4.0.4
| | `-- acorn-jsx@3.0.1
| |   `-- acorn@3.3.0
| +-- estraverse@4.2.0
| +-- esutils@2.0.2
| +-- file-entry-cache@1.3.1
| | +-- flat-cache@1.2.2
| | | +-- circular-json@0.3.1
| | | +-- del@2.2.2
| | | | +-- globby@5.0.0
| | | | | +-- array-union@1.0.2
| | | | | | `-- array-uniq@1.0.3
| | | | | `-- arrify@1.0.1
| | | | +-- is-path-cwd@1.0.0
| | | | +-- is-path-in-cwd@1.0.0
| | | | | `-- is-path-inside@1.0.0
| | | | +-- pify@2.3.0
| | | | `-- pinkie-promise@2.0.1
| | | |   `-- pinkie@2.0.4
| | | +-- graceful-fs@4.1.11
| | | `-- write@0.2.1
| | `-- object-assign@4.1.1
| +-- glob@7.1.1
| | +-- fs.realpath@1.0.0
| | +-- inflight@1.0.6
| | | `-- wrappy@1.0.2
| | +-- minimatch@3.0.3
| | | `-- brace-expansion@1.1.6
| | |   +-- balanced-match@0.4.2
| | |   `-- concat-map@0.0.1
| | `-- once@1.4.0
| +-- globals@9.16.0
| +-- ignore@3.2.2
| +-- imurmurhash@0.1.4
| +-- inquirer@0.12.0
| | +-- ansi-escapes@1.4.0
| | +-- ansi-regex@2.1.1
| | +-- cli-cursor@1.0.2
| | | `-- restore-cursor@1.0.1
| | |   +-- exit-hook@1.1.1
| | |   `-- onetime@1.1.0
| | +-- cli-width@2.1.0
| | +-- figures@1.7.0
| | +-- readline2@1.0.1
| | | +-- code-point-at@1.1.0
| | | +-- is-fullwidth-code-point@1.0.0
| | | | `-- number-is-nan@1.0.1
| | | `-- mute-stream@0.0.5
| | +-- run-async@0.1.0
| | +-- rx-lite@3.1.2
| | +-- string-width@1.0.2
| | `-- through@2.3.8
| +-- is-my-json-valid@2.15.0
| | +-- generate-function@2.0.0
| | +-- generate-object-property@1.2.0
| | | `-- is-property@1.0.2
| | +-- jsonpointer@4.0.1
| | `-- xtend@4.0.1
| +-- is-resolvable@1.0.0
| | `-- tryit@1.0.3
| +-- js-yaml@3.8.1
| | +-- argparse@1.0.9
| | `-- esprima@3.1.3
| +-- json-stable-stringify@1.0.1
| | `-- jsonify@0.0.0
| +-- levn@0.3.0
| | +-- prelude-ls@1.1.2
| | `-- type-check@0.3.2
| +-- lodash@4.17.4
| +-- mkdirp@0.5.1
| | `-- minimist@0.0.8
| +-- optionator@0.8.2
| | +-- deep-is@0.1.3
| | +-- fast-levenshtein@2.0.6
| | `-- wordwrap@1.0.0
| +-- path-is-absolute@1.0.1
| +-- path-is-inside@1.0.2
| +-- pluralize@1.2.1
| +-- progress@1.1.8
| +-- require-uncached@1.0.3
| | +-- caller-path@0.1.0
| | | `-- callsites@0.2.0
| | `-- resolve-from@1.0.1
| +-- shelljs@0.6.1
| +-- strip-json-comments@1.0.4
| +-- table@3.8.3
| | +-- ajv@4.11.3
| | | `-- co@4.6.0
| | +-- ajv-keywords@1.5.1
| | +-- slice-ansi@0.0.4
| | `-- string-width@2.0.0
| |   `-- is-fullwidth-code-point@2.0.0
| +-- text-table@0.2.0
| `-- user-home@2.0.0
|   `-- os-homedir@1.0.2
+-- eslint-config-loopback@4.0.0
+-- helmet@1.3.0
| +-- connect@3.4.1
| | +-- finalhandler@0.4.1
| | | `-- unpipe@1.0.0
| | `-- utils-merge@1.0.0
| +-- dns-prefetch-control@0.1.0
| +-- dont-sniff-mimetype@1.0.0
| +-- frameguard@1.1.0
| | `-- lodash.isstring@4.0.1
| +-- helmet-csp@1.1.0
| | +-- camelize@1.0.0
| | +-- content-security-policy-builder@1.0.0
| | | `-- dashify@0.2.2
| | +-- lodash.assign@4.0.4
| | | +-- lodash.keys@4.2.0
| | | `-- lodash.rest@4.0.5
| | +-- lodash.isfunction@3.0.8
| | +-- lodash.reduce@4.2.0
| | | +-- lodash._baseeach@4.1.3
| | | +-- lodash._baseiteratee@4.7.0
| | | | `-- lodash._stringtopath@4.8.0
| | | |   `-- lodash._basetostring@4.12.0
| | | `-- lodash._basereduce@3.0.2
| | +-- lodash.some@4.2.0
| | `-- platform@1.3.1
| +-- hide-powered-by@1.0.0
| +-- hpkp@1.1.0
| +-- hsts@1.0.0
| | `-- core-util-is@1.0.2
| +-- ienoopen@1.0.0
| +-- nocache@1.0.0
| `-- x-xss-protection@1.0.0
+-- loopback@3.3.0
| +-- async@2.1.4
| +-- bcryptjs@2.4.3
| +-- bluebird@3.4.7
| +-- body-parser@1.16.1
| | +-- bytes@2.4.0
| | +-- content-type@1.0.2
| | +-- debug@2.6.1
| | | `-- ms@0.7.2
| | +-- http-errors@1.5.1
| | | +-- setprototypeof@1.0.2
| | | `-- statuses@1.3.1
| | +-- iconv-lite@0.4.15
| | +-- on-finished@2.3.0
| | | `-- ee-first@1.1.1
| | +-- qs@6.2.1
| | +-- raw-body@2.2.0
| | | `-- bytes@2.4.0
| | `-- type-is@1.6.14
| |   `-- media-typer@0.3.0
| +-- canonical-json@0.0.4
| +-- depd@1.1.0
| +-- ejs@2.5.6
| +-- express@4.14.1
| | +-- array-flatten@1.1.1
| | +-- content-disposition@0.5.2
| | +-- cookie@0.3.1
| | +-- cookie-signature@1.0.6
| | +-- encodeurl@1.0.1
| | +-- escape-html@1.0.3
| | +-- finalhandler@0.5.1
| | +-- merge-descriptors@1.0.1
| | +-- methods@1.1.2
| | +-- path-to-regexp@0.1.7
| | +-- proxy-addr@1.1.3
| | | +-- forwarded@0.1.0
| | | `-- ipaddr.js@1.2.0
| | +-- qs@6.2.0
| | +-- range-parser@1.2.0
| | +-- send@0.14.2
| | | +-- destroy@1.0.4
| | | +-- mime@1.3.4
| | | `-- ms@0.7.2
| | `-- serve-static@1.11.2
| +-- inflection@1.12.0
| +-- isemail@1.2.0
| +-- loopback-connector-remote@3.1.1
| +-- loopback-datasource-juggler@3.2.0
| | +-- qs@6.3.1
| | +-- shortid@2.2.6
| | +-- traverse@0.6.6
| | `-- uuid@3.0.1
| +-- loopback-phase@1.4.1
| | `-- async@0.9.2
| +-- nodemailer@2.7.2
| | +-- libmime@3.0.0
| | | +-- libbase64@0.1.0
| | | `-- libqp@1.1.0
| | +-- mailcomposer@4.0.1
| | | `-- buildmail@4.0.1
| | |   +-- addressparser@1.0.1
| | |   `-- punycode@1.4.1
| | +-- nodemailer-direct-transport@3.3.2
| | | `-- smtp-connection@2.12.0
| | |   `-- httpntlm@1.6.1
| | |     +-- httpreq@0.4.22
| | |     `-- underscore@1.7.0
| | +-- nodemailer-shared@1.1.0
| | | `-- nodemailer-fetch@1.6.0
| | +-- nodemailer-smtp-pool@2.8.2
| | | `-- nodemailer-wellknown@0.1.10
| | +-- nodemailer-smtp-transport@2.7.2
| | `-- socks@1.1.9
| |   +-- ip@1.1.4
| |   `-- smart-buffer@1.1.15
| +-- nodemailer-stub-transport@1.1.0
| +-- stable@0.1.5
| +-- strong-globalize@2.8.2
| | +-- async@1.5.2
| | +-- esprima@2.7.3
| | +-- g11n-pipeline@1.3.0
| | | `-- swagger-client@2.1.32
| | |   +-- btoa@1.1.2
| | |   +-- cookiejar@2.1.0
| | |   +-- lodash-compat@3.10.2
| | |   +-- q@1.4.1
| | |   `-- superagent@2.3.0
| | |     +-- component-emitter@1.2.1
| | |     +-- form-data@1.0.0-rc4
| | |     | `-- async@1.5.2
| | |     `-- formidable@1.1.1
| | +-- htmlparser2@3.9.2
| | | +-- domelementtype@1.3.0
| | | +-- domhandler@2.3.0
| | | +-- domutils@1.5.1
| | | | `-- dom-serializer@0.1.0
| | | |   `-- domelementtype@1.1.3
| | | `-- entities@1.1.1
| | +-- md5@2.2.1
| | | +-- charenc@0.0.2
| | | +-- crypt@0.0.2
| | | `-- is-buffer@1.1.4
| | +-- mktmpdir@0.1.1
| | | `-- rimraf@2.2.8
| | +-- optional@0.1.3
| | +-- os-locale@1.4.0
| | | `-- lcid@1.0.0
| | |   `-- invert-kv@1.0.0
| | +-- posix-getopt@1.2.0
| | +-- word-count@0.2.2
| | `-- yamljs@0.2.8
| +-- strong-remoting@3.1.1
| | +-- eventemitter2@2.2.2
| | +-- jayson@1.2.2
| | | +-- commander@1.3.2
| | | | `-- keypress@0.1.0
| | | +-- eyes@0.1.8
| | | +-- JSONStream@1.0.3
| | | | `-- jsonparse@1.0.0
| | | `-- lodash@3.6.0
| | +-- js2xmlparser@1.0.0
| | +-- loopback-datatype-geopoint@1.0.0
| | +-- mux-demux@3.7.9
| | | +-- duplex@1.0.0
| | | +-- json-buffer@2.0.11
| | | +-- msgpack-stream@0.0.12
| | | | +-- bops@0.0.6
| | | | | +-- base64-js@0.0.2
| | | | | `-- to-utf8@0.0.1
| | | | +-- msgpack-js@0.3.0
| | | | `-- through@2.3.4
| | | +-- stream-combiner@0.0.2
| | | | `-- duplexer@0.0.4
| | | +-- stream-serializer@1.1.2
| | | `-- xtend@1.0.3
| | +-- request@2.79.0
| | | +-- aws-sign2@0.6.0
| | | +-- aws4@1.6.0
| | | +-- caseless@0.11.0
| | | +-- combined-stream@1.0.5
| | | | `-- delayed-stream@1.0.0
| | | +-- extend@3.0.0
| | | +-- forever-agent@0.6.1
| | | +-- form-data@2.1.2
| | | | `-- asynckit@0.4.0
| | | +-- har-validator@2.0.6
| | | | `-- commander@2.9.0
| | | |   `-- graceful-readlink@1.0.1
| | | +-- hawk@3.1.3
| | | | +-- boom@2.10.1
| | | | +-- cryptiles@2.0.5
| | | | +-- hoek@2.16.3
| | | | `-- sntp@1.0.9
| | | +-- http-signature@1.1.1
| | | | +-- assert-plus@0.2.0
| | | | +-- jsprim@1.3.1
| | | | | +-- extsprintf@1.0.2
| | | | | +-- json-schema@0.2.3
| | | | | `-- verror@1.3.6
| | | | `-- sshpk@1.10.2
| | | |   +-- asn1@0.2.3
| | | |   +-- assert-plus@1.0.0
| | | |   +-- bcrypt-pbkdf@1.0.1
| | | |   +-- dashdash@1.14.1
| | | |   | `-- assert-plus@1.0.0
| | | |   +-- ecc-jsbn@0.1.1
| | | |   +-- getpass@0.1.6
| | | |   | `-- assert-plus@1.0.0
| | | |   +-- jodid25519@1.0.2
| | | |   +-- jsbn@0.1.1
| | | |   `-- tweetnacl@0.14.5
| | | +-- is-typedarray@1.0.0
| | | +-- isstream@0.1.2
| | | +-- json-stringify-safe@5.0.1
| | | +-- oauth-sign@0.8.2
| | | +-- qs@6.3.1
| | | +-- stringstream@0.0.5
| | | +-- tough-cookie@2.3.2
| | | `-- tunnel-agent@0.4.3
| | +-- sse@0.0.6
| | | `-- options@0.0.6
| | `-- xml2js@0.4.17
| |   +-- sax@1.2.2
| |   `-- xmlbuilder@4.2.1
| +-- uid2@0.0.3
| `-- underscore.string@3.3.4
|   +-- sprintf-js@1.0.3
|   `-- util-deprecate@1.0.2
+-- loopback-boot@2.23.0
| +-- async@0.9.2
| +-- commondir@0.0.1
| +-- lodash@3.10.1
| +-- semver@4.3.6
| `-- toposort@0.2.12
+-- loopback-component-explorer@4.1.1
| +-- lodash@3.10.1
| +-- loopback-swagger@3.0.1
| | +-- async@1.5.2
| | +-- lodash@3.10.1
| | `-- underscore.string@2.3.3
| `-- swagger-ui@2.2.10
+-- loopback-connector-mongodb@3.0.1
| +-- async@1.5.2
| +-- loopback-connector@3.0.0
| | +-- async@1.5.2
| | `-- msgpack5@3.4.1
| |   `-- bl@1.2.0
| `-- mongodb@2.2.24
|   +-- es6-promise@3.2.1
|   +-- mongodb-core@2.1.8
|   | +-- bson@1.0.4
|   | `-- require_optional@1.0.0
|   |   +-- resolve-from@2.0.0
|   |   `-- semver@5.3.0
|   `-- readable-stream@2.1.5
+-- loopback-connector-mysql@3.0.0
| +-- async@0.9.2
| +-- loopback-connector@2.7.1
| | `-- async@1.5.2
| `-- mysql@2.13.0
|   +-- bignumber.js@3.1.2
|   +-- readable-stream@1.1.14
|   | `-- isarray@0.0.1
|   `-- sqlstring@2.2.0
+-- nsp@2.6.2
| +-- chalk@1.1.3
| | +-- ansi-styles@2.2.1
| | +-- escape-string-regexp@1.0.5
| | +-- has-ansi@2.0.0
| | | `-- ansi-regex@2.0.0
| | +-- strip-ansi@3.0.1
| | | `-- ansi-regex@2.0.0
| | `-- supports-color@2.0.0
| +-- cli-table@0.3.1
| | `-- colors@1.0.3
| +-- https-proxy-agent@1.0.0
| | +-- agent-base@2.0.1
| | | `-- semver@5.0.3
| | +-- debug@2.2.0
| | | `-- ms@0.7.1
| | `-- extend@3.0.0
| +-- joi@6.10.1
| | +-- hoek@2.16.3
| | +-- isemail@1.2.0
| | +-- moment@2.12.0
| | `-- topo@1.1.0
| +-- nodesecurity-npm-utils@5.0.0
| +-- path-is-absolute@1.0.0
| +-- rc@1.1.6
| | +-- deep-extend@0.4.1
| | +-- ini@1.3.4
| | +-- minimist@1.2.0
| | `-- strip-json-comments@1.0.4
| +-- semver@5.1.0
| +-- subcommand@2.0.3
| | +-- cliclopts@1.1.1
| | +-- debug@2.2.0
| | | `-- ms@0.7.1
| | +-- minimist@1.2.0
| | `-- xtend@4.0.1
| `-- wreck@6.3.0
|   +-- boom@2.10.1
|   `-- hoek@2.16.3
+-- serve-favicon@2.3.2
| +-- etag@1.7.0
| +-- fresh@0.3.0
| +-- ms@0.7.2
| `-- parseurl@1.3.1
`-- strong-error-handler@1.2.1
  +-- http-status@0.2.5
  `-- js2xmlparser@2.0.2
    `-- xmlcreate@0.1.1


C:\Users\skind\Desktop\sampleAPI>npm install

C:\Users\skind\Desktop\sampleAPI>slc arc
strong-remoting deprecated The built-in CORS middleware provided by REST adapter was deprecated. See https://docs.strongloop.com/display/public/LB/Security+considerations for more details. ..\..\AppData\Roaming\npm\node_modules\strongloop\node_modules\strong-remoting\lib\remote-objects.js:97:25
loopback-explorer deprecated The built-in CORS middleware provided by loopback-component-explorer was deprecated. See https://docs.strongloop.com/display/public/LB/Security+considerations for more details. ..\..\AppData\Roaming\npm\node_modules\strongloop\node_modules\strong-arc\build-deploy\server\boot\explorer.js:18:30
Swagger: skipping unknown type "subscription".
loopback-explorer deprecated The built-in CORS middleware provided by loopback-component-explorer was deprecated. See https://docs.strongloop.com/display/public/LB/Security+considerations for more details. ..\..\AppData\Roaming\npm\node_modules\strongloop\node_modules\strong-arc\arc-api\server\boot\explorer.js:14:30
Swagger: skipping unknown type "subscription".
loopback-explorer deprecated The built-in CORS middleware provided by loopback-component-explorer was deprecated. See https://docs.strongloop.com/display/public/LB/Security+considerations for more details. ..\..\AppData\Roaming\npm\node_modules\strongloop\node_modules\strong-arc\server\server.js:60:41
Loading workspace C:\Users\skind\Desktop\sampleAPI
StrongLoop Arc is running here: http://localhost:58066/#/
loopback deprecated loopback#context middleware is deprecated. See https://docs.strongloop.com/display/APIC/Using%20current%20context for more details. ..\..\AppData\Roaming\npm\node_modules\strongloop\node_modules\loopback\server\middleware\rest.js:60:32
^CTerminate batch job (Y/N)?
^CThe system cannot open the device or file specified.

C:\Users\skind\Desktop\sampleAPI>slc loopback:model
? Enter the model name: userProfiles
? Select the data-source to attach userProfiles to: datasource1 (mongodb)
? Select model's base class PersistedModel
? Expose userProfiles via the REST API? Yes
? Custom plural form (used to build REST URL): userProfiles
? Common model or server only? common
Let's add some userProfiles properties now.

Enter an empty property name when done.
? Property name: firstname
   invoke   loopback:property
? Property type: string
? Required? Yes
? Default value[leave blank for none]:

Let's add another userProfiles property.
Enter an empty property name when done.
? Property name: lastname
   invoke   loopback:property
? Property type: string
? Required? Yes
? Default value[leave blank for none]:

Let's add another userProfiles property.
Enter an empty property name when done.
? Property name: phone
   invoke   loopback:property
? Property type: string
? Required? Yes
? Default value[leave blank for none]:

Let's add another userProfiles property.
Enter an empty property name when done.
? Property name: email
   invoke   loopback:property
? Property type: string
? Required? Yes
? Default value[leave blank for none]:

Let's add another userProfiles property.
Enter an empty property name when done.
? Property name:

C:\Users\skind\Desktop\sampleAPI>slc arc
strong-remoting deprecated The built-in CORS middleware provided by REST adapter was deprecated. See https://docs.strongloop.com/display/public/LB/Security+considerations for more details. ..\..\AppData\Roaming\npm\node_modules\strongloop\node_modules\strong-remoting\lib\remote-objects.js:97:25
loopback-explorer deprecated The built-in CORS middleware provided by loopback-component-explorer was deprecated. See https://docs.strongloop.com/display/public/LB/Security+considerations for more details. ..\..\AppData\Roaming\npm\node_modules\strongloop\node_modules\strong-arc\build-deploy\server\boot\explorer.js:18:30
Swagger: skipping unknown type "subscription".
loopback-explorer deprecated The built-in CORS middleware provided by loopback-component-explorer was deprecated. See https://docs.strongloop.com/display/public/LB/Security+considerations for more details. ..\..\AppData\Roaming\npm\node_modules\strongloop\node_modules\strong-arc\arc-api\server\boot\explorer.js:14:30
Swagger: skipping unknown type "subscription".
loopback-explorer deprecated The built-in CORS middleware provided by loopback-component-explorer was deprecated. See https://docs.strongloop.com/display/public/LB/Security+considerations for more details. ..\..\AppData\Roaming\npm\node_modules\strongloop\node_modules\strong-arc\server\server.js:60:41
Loading workspace C:\Users\skind\Desktop\sampleAPI
StrongLoop Arc is running here: http://localhost:58267/#/
loopback deprecated loopback#context middleware is deprecated. See https://docs.strongloop.com/display/APIC/Using%20current%20context for more details. ..\..\AppData\Roaming\npm\node_modules\strongloop\node_modules\loopback\server\middleware\rest.js:60:32
Web server listening at: http://localhost:3000
Browse your REST API at http://localhost:3000/explorer
Unhandled error for request POST /api/userProfiles: MongoError: not authorized on test to execute command { insert: "userProfiles", documents: [ { firstname: "abc", lastname: "def", phone: "4253346543", email: "bharat@lakhiyani.com", _id: ObjectId('58a7f19938d1eb2604a55d09') } ], ordered: true, writeConcern: { w: 1 } }
    at Function.MongoError.create (C:\Users\skind\Desktop\sampleAPI\node_modules\mongodb-core\lib\error.js:31:11)
    at C:\Users\skind\Desktop\sampleAPI\node_modules\mongodb-core\lib\connection\pool.js:483:72
    at authenticateStragglers (C:\Users\skind\Desktop\sampleAPI\node_modules\mongodb-core\lib\connection\pool.js:429:16)
    at Connection.messageHandler (C:\Users\skind\Desktop\sampleAPI\node_modules\mongodb-core\lib\connection\pool.js:463:5)
    at Socket.<anonymous> (C:\Users\skind\Desktop\sampleAPI\node_modules\mongodb-core\lib\connection\connection.js:319:22)
    at emitOne (events.js:96:13)
    at Socket.emit (events.js:188:7)
    at readableAddChunk (_stream_readable.js:176:18)
    at Socket.Readable.push (_stream_readable.js:134:10)
    at TCP.onread (net.js:548:20)
Unhandled error for request POST /api/userProfiles: MongoError: not authorized on test to execute command { insert: "userProfiles", documents: [ { firstname: "abc", lastname: "def", phone: "4253346543", email: "bharat@lakhiyani.com", _id: ObjectId('58a7f1f138d1eb2604a55d0a') } ], ordered: true, writeConcern: { w: 1 } }
    at Function.MongoError.create (C:\Users\skind\Desktop\sampleAPI\node_modules\mongodb-core\lib\error.js:31:11)
    at C:\Users\skind\Desktop\sampleAPI\node_modules\mongodb-core\lib\connection\pool.js:483:72
    at authenticateStragglers (C:\Users\skind\Desktop\sampleAPI\node_modules\mongodb-core\lib\connection\pool.js:429:16)
    at Connection.messageHandler (C:\Users\skind\Desktop\sampleAPI\node_modules\mongodb-core\lib\connection\pool.js:463:5)
    at Socket.<anonymous> (C:\Users\skind\Desktop\sampleAPI\node_modules\mongodb-core\lib\connection\connection.js:319:22)
    at emitOne (events.js:96:13)
    at Socket.emit (events.js:188:7)
    at readableAddChunk (_stream_readable.js:176:18)
    at Socket.Readable.push (_stream_readable.js:134:10)
    at TCP.onread (net.js:548:20)
Unhandled error for request POST /api/userProfiles: MongoError: not authorized on test to execute command { insert: "userProfiles", documents: [ { firstname: "abc", lastname: "def", phone: "4253346543", email: "bharat@lakhiyani.com", _id: ObjectId('58a7f27538d1eb2604a55d0b') } ], ordered: true, writeConcern: { w: 1 } }
    at Function.MongoError.create (C:\Users\skind\Desktop\sampleAPI\node_modules\mongodb-core\lib\error.js:31:11)
    at C:\Users\skind\Desktop\sampleAPI\node_modules\mongodb-core\lib\connection\pool.js:483:72
    at authenticateStragglers (C:\Users\skind\Desktop\sampleAPI\node_modules\mongodb-core\lib\connection\pool.js:429:16)
    at Connection.messageHandler (C:\Users\skind\Desktop\sampleAPI\node_modules\mongodb-core\lib\connection\pool.js:463:5)
    at Socket.<anonymous> (C:\Users\skind\Desktop\sampleAPI\node_modules\mongodb-core\lib\connection\connection.js:319:22)
    at emitOne (events.js:96:13)
    at Socket.emit (events.js:188:7)
    at readableAddChunk (_stream_readable.js:176:18)
    at Socket.Readable.push (_stream_readable.js:134:10)
    at TCP.onread (net.js:548:20)
^CTerminate batch job (Y/N)?
^CThe system cannot open the device or file specified.

C:\Users\skind\Desktop\sampleAPI>slc arc
strong-remoting deprecated The built-in CORS middleware provided by REST adapter was deprecated. See https://docs.strongloop.com/display/public/LB/Security+considerations for more details. ..\..\AppData\Roaming\npm\node_modules\strongloop\node_modules\strong-remoting\lib\remote-objects.js:97:25
loopback-explorer deprecated The built-in CORS middleware provided by loopback-component-explorer was deprecated. See https://docs.strongloop.com/display/public/LB/Security+considerations for more details. ..\..\AppData\Roaming\npm\node_modules\strongloop\node_modules\strong-arc\build-deploy\server\boot\explorer.js:18:30
Swagger: skipping unknown type "subscription".
loopback-explorer deprecated The built-in CORS middleware provided by loopback-component-explorer was deprecated. See https://docs.strongloop.com/display/public/LB/Security+considerations for more details. ..\..\AppData\Roaming\npm\node_modules\strongloop\node_modules\strong-arc\arc-api\server\boot\explorer.js:14:30
Swagger: skipping unknown type "subscription".
loopback-explorer deprecated The built-in CORS middleware provided by loopback-component-explorer was deprecated. See https://docs.strongloop.com/display/public/LB/Security+considerations for more details. ..\..\AppData\Roaming\npm\node_modules\strongloop\node_modules\strong-arc\server\server.js:60:41
Loading workspace C:\Users\skind\Desktop\sampleAPI
StrongLoop Arc is running here: http://localhost:58665/#/
loopback deprecated loopback#context middleware is deprecated. See https://docs.strongloop.com/display/APIC/Using%20current%20context for more details. ..\..\AppData\Roaming\npm\node_modules\strongloop\node_modules\loopback\server\middleware\rest.js:60:32
Web server listening at: http://localhost:3000
Browse your REST API at http://localhost:3000/explorer
